src/app/components/Authentication.tsx(148,7): error TS2379: Argument of type '{ redirectTo: string | undefined; }' is not assignable to parameter of type '{ redirectTo?: string; captchaToken?: string; }' with 'exactOptionalPropertyTypes: true'. Consider adding 'undefined' to the types of the target's properties.
  Types of property 'redirectTo' are incompatible.
    Type 'string | undefined' is not assignable to type 'string'.
      Type 'undefined' is not assignable to type 'string'.
src/app/components/ui/badge.tsx(38,6): error TS2322: Type '{ ref?: Ref<HTMLSpanElement> | undefined; key?: Key | null | undefined; defaultChecked?: boolean | undefined; defaultValue?: string | number | readonly string[] | undefined; ... 276 more ...; className: string; }' is not assignable to type 'RefAttributes<HTMLElement>'.
  Types of property 'ref' are incompatible.
    Type 'Ref<HTMLSpanElement> | undefined' is not assignable to type 'Ref<HTMLElement> | undefined'.
      Type '(instance: HTMLSpanElement | null) => void | (() => VoidOrUndefinedOnly)' is not assignable to type 'Ref<HTMLElement> | undefined'.
        Type '(instance: HTMLSpanElement | null) => void | (() => VoidOrUndefinedOnly)' is not assignable to type '(instance: HTMLElement | null) => void | (() => VoidOrUndefinedOnly)'.
          Type 'void | (() => VoidOrUndefinedOnly)' is not assignable to type 'void | (() => VoidOrUndefinedOnly)'. Two different types with this name exist, but they are unrelated.
            Type '() => VoidOrUndefinedOnly' is not assignable to type 'void | (() => VoidOrUndefinedOnly)'.
              Type '() => VoidOrUndefinedOnly' is not assignable to type '() => VoidOrUndefinedOnly'. Two different types with this name exist, but they are unrelated.
                Type 'VoidOrUndefinedOnly' is not assignable to type 'VoidOrUndefinedOnly'. Two different types with this name exist, but they are unrelated.
                  Type '{ [UNDEFINED_VOID_ONLY]: never; }' is not assignable to type 'VoidOrUndefinedOnly'.
src/app/components/ui/breadcrumb.tsx(44,6): error TS2322: Type '{ ref?: Ref<HTMLAnchorElement> | undefined; key?: Key | null | undefined; download?: any; href?: string | undefined; hrefLang?: string | undefined; media?: string | undefined; ... 282 more ...; className: string; }' is not assignable to type 'RefAttributes<HTMLElement>'.
  Types of property 'ref' are incompatible.
    Type 'Ref<HTMLAnchorElement> | undefined' is not assignable to type 'Ref<HTMLElement> | undefined'.
      Type '(instance: HTMLAnchorElement | null) => void | (() => VoidOrUndefinedOnly)' is not assignable to type 'Ref<HTMLElement> | undefined'.
        Type '(instance: HTMLAnchorElement | null) => void | (() => VoidOrUndefinedOnly)' is not assignable to type '(instance: HTMLElement | null) => void | (() => VoidOrUndefinedOnly)'.
          Type 'void | (() => VoidOrUndefinedOnly)' is not assignable to type 'void | (() => VoidOrUndefinedOnly)'. Two different types with this name exist, but they are unrelated.
            Type '() => VoidOrUndefinedOnly' is not assignable to type 'void | (() => VoidOrUndefinedOnly)'.
              Type '() => VoidOrUndefinedOnly' is not assignable to type '() => VoidOrUndefinedOnly'. Two different types with this name exist, but they are unrelated.
                Type 'VoidOrUndefinedOnly' is not assignable to type 'VoidOrUndefinedOnly'. Two different types with this name exist, but they are unrelated.
                  Type '{ [UNDEFINED_VOID_ONLY]: never; }' is not assignable to type 'VoidOrUndefinedOnly'.
src/app/components/ui/button.tsx(50,6): error TS2322: Type '{ ref?: Ref<HTMLButtonElement> | undefined; key?: Key | null | undefined; disabled?: boolean | undefined; form?: string | undefined; formAction?: string | ((formData: FormData) => void | Promise<...>) | undefined; ... 285 more ...; className: string; }' is not assignable to type 'RefAttributes<HTMLElement>'.
  Types of property 'ref' are incompatible.
    Type 'Ref<HTMLButtonElement> | undefined' is not assignable to type 'Ref<HTMLElement> | undefined'.
      Type '(instance: HTMLButtonElement | null) => void | (() => VoidOrUndefinedOnly)' is not assignable to type 'Ref<HTMLElement> | undefined'.
        Type '(instance: HTMLButtonElement | null) => void | (() => VoidOrUndefinedOnly)' is not assignable to type '(instance: HTMLElement | null) => void | (() => VoidOrUndefinedOnly)'.
          Type 'void | (() => VoidOrUndefinedOnly)' is not assignable to type 'void | (() => VoidOrUndefinedOnly)'. Two different types with this name exist, but they are unrelated.
            Type '() => VoidOrUndefinedOnly' is not assignable to type 'void | (() => VoidOrUndefinedOnly)'.
              Type '() => VoidOrUndefinedOnly' is not assignable to type '() => VoidOrUndefinedOnly'. Two different types with this name exist, but they are unrelated.
                Type 'VoidOrUndefinedOnly' is not assignable to type 'VoidOrUndefinedOnly'. Two different types with this name exist, but they are unrelated.
                  Type '{ [UNDEFINED_VOID_ONLY]: never; }' is not assignable to type 'VoidOrUndefinedOnly'.
src/app/components/ui/sidebar.tsx(404,6): error TS2322: Type '{ ref?: Ref<HTMLDivElement> | undefined; key?: Key | null | undefined; defaultChecked?: boolean | undefined; defaultValue?: string | number | readonly string[] | undefined; ... 277 more ...; className: string; }' is not assignable to type 'RefAttributes<HTMLElement>'.
  Types of property 'ref' are incompatible.
    Type 'Ref<HTMLDivElement> | undefined' is not assignable to type 'Ref<HTMLElement> | undefined'.
      Type '(instance: HTMLDivElement | null) => void | (() => VoidOrUndefinedOnly)' is not assignable to type 'Ref<HTMLElement> | undefined'.
        Type '(instance: HTMLDivElement | null) => void | (() => VoidOrUndefinedOnly)' is not assignable to type '(instance: HTMLElement | null) => void | (() => VoidOrUndefinedOnly)'.
          Type 'void | (() => VoidOrUndefinedOnly)' is not assignable to type 'void | (() => VoidOrUndefinedOnly)'. Two different types with this name exist, but they are unrelated.
            Type '() => VoidOrUndefinedOnly' is not assignable to type 'void | (() => VoidOrUndefinedOnly)'.
              Type '() => VoidOrUndefinedOnly' is not assignable to type '() => VoidOrUndefinedOnly'. Two different types with this name exist, but they are unrelated.
                Type 'VoidOrUndefinedOnly' is not assignable to type 'VoidOrUndefinedOnly'. Two different types with this name exist, but they are unrelated.
                  Type '{ [UNDEFINED_VOID_ONLY]: never; }' is not assignable to type 'VoidOrUndefinedOnly'.
src/app/components/ui/sidebar.tsx(425,6): error TS2322: Type '{ ref?: Ref<HTMLButtonElement> | undefined; key?: Key | null | undefined; disabled?: boolean | undefined; form?: string | undefined; formAction?: string | ((formData: FormData) => void | Promise<...>) | undefined; ... 286 more ...; className: string; }' is not assignable to type 'RefAttributes<HTMLElement>'.
  Types of property 'ref' are incompatible.
    Type 'Ref<HTMLButtonElement> | undefined' is not assignable to type 'Ref<HTMLElement> | undefined'.
      Type '(instance: HTMLButtonElement | null) => void | (() => VoidOrUndefinedOnly)' is not assignable to type 'Ref<HTMLElement> | undefined'.
        Type '(instance: HTMLButtonElement | null) => void | (() => VoidOrUndefinedOnly)' is not assignable to type '(instance: HTMLElement | null) => void | (() => VoidOrUndefinedOnly)'.
          Type 'void | (() => VoidOrUndefinedOnly)' is not assignable to type 'void | (() => VoidOrUndefinedOnly)'. Two different types with this name exist, but they are unrelated.
            Type '() => VoidOrUndefinedOnly' is not assignable to type 'void | (() => VoidOrUndefinedOnly)'.
              Type '() => VoidOrUndefinedOnly' is not assignable to type '() => VoidOrUndefinedOnly'. Two different types with this name exist, but they are unrelated.
                Type 'VoidOrUndefinedOnly' is not assignable to type 'VoidOrUndefinedOnly'. Two different types with this name exist, but they are unrelated.
                  Type '{ [UNDEFINED_VOID_ONLY]: never; }' is not assignable to type 'VoidOrUndefinedOnly'.
src/app/components/ui/sidebar.tsx(515,6): error TS2322: Type '{ ref?: Ref<HTMLButtonElement> | undefined; key?: Key | null | undefined; disabled?: boolean | undefined; form?: string | undefined; formAction?: string | ((formData: FormData) => void | Promise<...>) | undefined; ... 288 more ...; className: string; }' is not assignable to type 'RefAttributes<HTMLElement>'.
  Types of property 'ref' are incompatible.
    Type 'Ref<HTMLButtonElement> | undefined' is not assignable to type 'Ref<HTMLElement> | undefined'.
      Type '(instance: HTMLButtonElement | null) => void | (() => VoidOrUndefinedOnly)' is not assignable to type 'Ref<HTMLElement> | undefined'.
        Type '(instance: HTMLButtonElement | null) => void | (() => VoidOrUndefinedOnly)' is not assignable to type '(instance: HTMLElement | null) => void | (() => VoidOrUndefinedOnly)'.
          Type 'void | (() => VoidOrUndefinedOnly)' is not assignable to type 'void | (() => VoidOrUndefinedOnly)'. Two different types with this name exist, but they are unrelated.
            Type '() => VoidOrUndefinedOnly' is not assignable to type 'void | (() => VoidOrUndefinedOnly)'.
              Type '() => VoidOrUndefinedOnly' is not assignable to type '() => VoidOrUndefinedOnly'. Two different types with this name exist, but they are unrelated.
                Type 'VoidOrUndefinedOnly' is not assignable to type 'VoidOrUndefinedOnly'. Two different types with this name exist, but they are unrelated.
                  Type '{ [UNDEFINED_VOID_ONLY]: never; }' is not assignable to type 'VoidOrUndefinedOnly'.
src/app/components/ui/sidebar.tsx(560,6): error TS2322: Type '{ ref?: Ref<HTMLButtonElement> | undefined; key?: Key | null | undefined; disabled?: boolean | undefined; form?: string | undefined; formAction?: string | ((formData: FormData) => void | Promise<...>) | undefined; ... 286 more ...; className: string; }' is not assignable to type 'RefAttributes<HTMLElement>'.
  Types of property 'ref' are incompatible.
    Type 'Ref<HTMLButtonElement> | undefined' is not assignable to type 'Ref<HTMLElement> | undefined'.
      Type '(instance: HTMLButtonElement | null) => void | (() => VoidOrUndefinedOnly)' is not assignable to type 'Ref<HTMLElement> | undefined'.
        Type '(instance: HTMLButtonElement | null) => void | (() => VoidOrUndefinedOnly)' is not assignable to type '(instance: HTMLElement | null) => void | (() => VoidOrUndefinedOnly)'.
          Type 'void | (() => VoidOrUndefinedOnly)' is not assignable to type 'void | (() => VoidOrUndefinedOnly)'. Two different types with this name exist, but they are unrelated.
            Type '() => VoidOrUndefinedOnly' is not assignable to type 'void | (() => VoidOrUndefinedOnly)'.
              Type '() => VoidOrUndefinedOnly' is not assignable to type '() => VoidOrUndefinedOnly'. Two different types with this name exist, but they are unrelated.
                Type 'VoidOrUndefinedOnly' is not assignable to type 'VoidOrUndefinedOnly'. Two different types with this name exist, but they are unrelated.
                  Type '{ [UNDEFINED_VOID_ONLY]: never; }' is not assignable to type 'VoidOrUndefinedOnly'.
src/app/components/ui/sidebar.tsx(683,6): error TS2322: Type '{ ref?: Ref<HTMLAnchorElement> | undefined; key?: Key | null | undefined; download?: any; href?: string | undefined; hrefLang?: string | undefined; media?: string | undefined; ... 285 more ...; className: string; }' is not assignable to type 'RefAttributes<HTMLElement>'.
  Types of property 'ref' are incompatible.
    Type 'Ref<HTMLAnchorElement> | undefined' is not assignable to type 'Ref<HTMLElement> | undefined'.
      Type '(instance: HTMLAnchorElement | null) => void | (() => VoidOrUndefinedOnly)' is not assignable to type 'Ref<HTMLElement> | undefined'.
        Type '(instance: HTMLAnchorElement | null) => void | (() => VoidOrUndefinedOnly)' is not assignable to type '(instance: HTMLElement | null) => void | (() => VoidOrUndefinedOnly)'.
          Type 'void | (() => VoidOrUndefinedOnly)' is not assignable to type 'void | (() => VoidOrUndefinedOnly)'. Two different types with this name exist, but they are unrelated.
            Type '() => VoidOrUndefinedOnly' is not assignable to type 'void | (() => VoidOrUndefinedOnly)'.
              Type '() => VoidOrUndefinedOnly' is not assignable to type '() => VoidOrUndefinedOnly'. Two different types with this name exist, but they are unrelated.
                Type 'VoidOrUndefinedOnly' is not assignable to type 'VoidOrUndefinedOnly'. Two different types with this name exist, but they are unrelated.
                  Type '{ [UNDEFINED_VOID_ONLY]: never; }' is not assignable to type 'VoidOrUndefinedOnly'.
src/lib/db.ts(1261,14): error TS2345: Argument of type '{ id: any; payroll_run_id: any; employee_id: string; name: string; department: string; hours_worked: number; overtime_hours: number; paid_leave_hours: number; paid_leave_days: number; base_pay: number; ... 7 more ...; audit_comments: any; }' is not assignable to parameter of type 'PayrollEntryRow'.
  Type '{ id: any; payroll_run_id: any; employee_id: string; name: string; department: string; hours_worked: number; overtime_hours: number; paid_leave_hours: number; paid_leave_days: number; base_pay: number; ... 7 more ...; audit_comments: any; }' is missing the following properties from type 'PayrollEntryRow': pay_period_start, pay_period_end
src/main.tsx(2,28): error TS7016: Could not find a declaration file for module 'react-dom/client'. 'C:/Users/mzimu/Documents/ProjectX/node_modules/.pnpm/react-dom@18.3.1_react@18.3.1/node_modules/react-dom/client.js' implicitly has an 'any' type.
  Try `npm i --save-dev @types/react-dom` if it exists or add a new declaration (.d.ts) file containing `declare module 'react-dom/client';`
